Fatal Python error: Aborted

Current thread 0x000000739549b5f0 (most recent call first):
  File "/home/brandon/Desktop/slam_mobile/.buildozer/android/app/slam_core.py", line 324 in stop
  File "/home/brandon/Desktop/slam_mobile/.buildozer/android/app/slam_core.py", line 466 in close
  File "/home/brandon/Desktop/slam_mobile/.buildozer/android/app/slam/runner.py", line 297 in _worker
  File "/home/brandon/Desktop/slam_mobile/.buildozer/android/platform/build-arm64-v8a/build/other_builds/python3/arm64-v8a__ndk_target_24/python3/Lib/threading.py", line 975 in run
  File "/home/brandon/Desktop/slam_mobile/.buildozer/android/platform/build-arm64-v8a/build/python-installs/slam_mobile/arm64-v8a/jnius/__init__.py", line 85 in jnius_thread_hook
  File "/home/brandon/Desktop/slam_mobile/.buildozer/android/platform/build-arm64-v8a/build/other_builds/python3/arm64-v8a__ndk_target_24/python3/Lib/threading.py", line 1038 in _bootstrap_inner
  File "/home/brandon/Desktop/slam_mobile/.buildozer/android/platform/build-arm64-v8a/build/other_builds/python3/arm64-v8a__ndk_target_24/python3/Lib/threading.py", line 995 in _bootstrap

Thread 0x0000007397eb95f0 (most recent call first):
  File "/home/brandon/Desktop/slam_mobile/.buildozer/android/platform/build-arm64-v8a/build/other_builds/python3/arm64-v8a__ndk_target_24/python3/Lib/threading.py", line 1132 in _wait_for_tstate_lock
  File "/home/brandon/Desktop/slam_mobile/.buildozer/android/platform/build-arm64-v8a/build/other_builds/python3/arm64-v8a__ndk_target_24/python3/Lib/threading.py", line 1116 in join
  File "/home/brandon/Desktop/slam_mobile/.buildozer/android/app/slam/runner.py", line 140 in stop
  File "/home/brandon/Desktop/slam_mobile/.buildozer/android/app/main.py", line 298 in _stop_slam
  File "/home/brandon/Desktop/slam_mobile/.buildozer/android/platform/build-arm64-v8a/build/python-installs/slam_mobile/arm64-v8a/kivy/uix/behaviors/button.py", line 179 in on_touch_up
  File "/home/brandon/Desktop/slam_mobile/.buildozer/android/platform/build-arm64-v8a/build/python-installs/slam_mobile/arm64-v8a/kivy/base.py", line 302 in post_dispatch_input
  File "/home/brandon/Desktop/slam_mobile/.buildozer/android/platform/build-arm64-v8a/build/python-installs/slam_mobile/arm64-v8a/kivy/base.py", line 334 in dispatch_input
  File "/home/brandon/Desktop/slam_mobile/.buildozer/android/platform/build-arm64-v8a/build/python-installs/slam_mobile/arm64-v8a/kivy/base.py", line 383 in idle
  File "/home/brandon/Desktop/slam_mobile/.buildozer/android/platform/build-arm64-v8a/build/python-installs/slam_mobile/arm64-v8a/kivy/base.py", line 339 in mainloop
  File "/home/brandon/Desktop/slam_mobile/.buildozer/android/platform/build-arm64-v8a/build/python-installs/slam_mobile/arm64-v8a/kivy/base.py", line 574 in runTouchApp
  File "/home/brandon/Desktop/slam_mobile/.buildozer/android/platform/build-arm64-v8a/build/python-installs/slam_mobile/arm64-v8a/kivy/app.py", line 956 in run
  File "/home/brandon/Desktop/slam_mobile/.buildozer/android/app/main.py", line 533 in <module>

Extension modules: androidembed, kivy._clock, jnius.jnius, android._android, kivy._metrics, kivy.properties, kivy.weakproxy, kivy._event, kivy.graphics.buffer, kivy.graphics.cgl, kivy.graphics.vertex, kivy.graphics.transformation, kivy.core.image._img_sdl2, kivy.graphics.context_instructions, kivy.graphics.context, kivy.graphics.stencil_instructions, kivy.graphics.opengl, kivy.graphics.fbo, kivy.graphics.opengl_utils, kivy.graphics.texture, kivy.graphics.shader, kivy.graphics.compiler, kivy.graphics.vbo, kivy.graphics.instructions, kivy.graphics.vertex_instructions, kivy.graphics.gl_instructions, kivy.graphics.boxshadow, kivy.graphics.scissor_instructions, kivy.core.text.text_layout, kivy.core.text._text_sdl2, numpy.core._multiarray_umath, numpy.core._multiarray_tests, numpy.linalg._umath_linalg, numpy.fft._pocketfft_internal, numpy.random._common, numpy.random.bit_generator, numpy.random._bounded_integers, numpy.random._mt19937, numpy.random.mtrand, numpy.random._philox, numpy.random._pcg64, numpy.random._sfc64, numpy.random._generator, cv2, kivy.core.window._window_sdl2, kivy.graphics.cgl_backend.cgl_gl, kivy.graphics.cgl_backend.cgl_glew, kivy.graphics.cgl_backend.cgl_sdl2 (total: 48)
Fatal Python error: Aborted

Current thread 0x000000739c4865f0 (most recent call first):
  File "/home/brandon/Desktop/slam_mobile/.buildozer/android/app/slam_core.py", line 324 in stop
  File "/home/brandon/Desktop/slam_mobile/.buildozer/android/app/slam_core.py", line 466 in close
  File "/home/brandon/Desktop/slam_mobile/.buildozer/android/app/slam/runner.py", line 297 in _worker
  File "/home/brandon/Desktop/slam_mobile/.buildozer/android/platform/build-arm64-v8a/build/other_builds/python3/arm64-v8a__ndk_target_24/python3/Lib/threading.py", line 975 in run
  File "/home/brandon/Desktop/slam_mobile/.buildozer/android/platform/build-arm64-v8a/build/python-installs/slam_mobile/arm64-v8a/jnius/__init__.py", line 85 in jnius_thread_hook
  File "/home/brandon/Desktop/slam_mobile/.buildozer/android/platform/build-arm64-v8a/build/other_builds/python3/arm64-v8a__ndk_target_24/python3/Lib/threading.py", line 1038 in _bootstrap_inner
  File "/home/brandon/Desktop/slam_mobile/.buildozer/android/platform/build-arm64-v8a/build/other_builds/python3/arm64-v8a__ndk_target_24/python3/Lib/threading.py", line 995 in _bootstrap

Thread 0x000000739eea45f0 (most recent call first):
  File "/home/brandon/Desktop/slam_mobile/.buildozer/android/platform/build-arm64-v8a/build/other_builds/python3/arm64-v8a__ndk_target_24/python3/Lib/threading.py", line 1132 in _wait_for_tstate_lock
  File "/home/brandon/Desktop/slam_mobile/.buildozer/android/platform/build-arm64-v8a/build/other_builds/python3/arm64-v8a__ndk_target_24/python3/Lib/threading.py", line 1116 in join
  File "/home/brandon/Desktop/slam_mobile/.buildozer/android/app/slam/runner.py", line 140 in stop
  File "/home/brandon/Desktop/slam_mobile/.buildozer/android/app/main.py", line 298 in _stop_slam
  File "/home/brandon/Desktop/slam_mobile/.buildozer/android/platform/build-arm64-v8a/build/python-installs/slam_mobile/arm64-v8a/kivy/uix/behaviors/button.py", line 179 in on_touch_up
  File "/home/brandon/Desktop/slam_mobile/.buildozer/android/platform/build-arm64-v8a/build/python-installs/slam_mobile/arm64-v8a/kivy/base.py", line 302 in post_dispatch_input
  File "/home/brandon/Desktop/slam_mobile/.buildozer/android/platform/build-arm64-v8a/build/python-installs/slam_mobile/arm64-v8a/kivy/base.py", line 334 in dispatch_input
  File "/home/brandon/Desktop/slam_mobile/.buildozer/android/platform/build-arm64-v8a/build/python-installs/slam_mobile/arm64-v8a/kivy/base.py", line 383 in idle
  File "/home/brandon/Desktop/slam_mobile/.buildozer/android/platform/build-arm64-v8a/build/python-installs/slam_mobile/arm64-v8a/kivy/base.py", line 339 in mainloop
  File "/home/brandon/Desktop/slam_mobile/.buildozer/android/platform/build-arm64-v8a/build/python-installs/slam_mobile/arm64-v8a/kivy/base.py", line 574 in runTouchApp
  File "/home/brandon/Desktop/slam_mobile/.buildozer/android/platform/build-arm64-v8a/build/python-installs/slam_mobile/arm64-v8a/kivy/app.py", line 956 in run
  File "/home/brandon/Desktop/slam_mobile/.buildozer/android/app/main.py", line 533 in <module>

Extension modules: androidembed, kivy._clock, jnius.jnius, android._android, kivy._metrics, kivy.properties, kivy.weakproxy, kivy._event, kivy.graphics.buffer, kivy.graphics.cgl, kivy.graphics.vertex, kivy.graphics.transformation, kivy.core.image._img_sdl2, kivy.graphics.context_instructions, kivy.graphics.context, kivy.graphics.stencil_instructions, kivy.graphics.opengl, kivy.graphics.fbo, kivy.graphics.opengl_utils, kivy.graphics.texture, kivy.graphics.shader, kivy.graphics.compiler, kivy.graphics.vbo, kivy.graphics.instructions, kivy.graphics.vertex_instructions, kivy.graphics.gl_instructions, kivy.graphics.boxshadow, kivy.graphics.scissor_instructions, kivy.core.text.text_layout, kivy.core.text._text_sdl2, numpy.core._multiarray_umath, numpy.core._multiarray_tests, numpy.linalg._umath_linalg, numpy.fft._pocketfft_internal, numpy.random._common, numpy.random.bit_generator, numpy.random._bounded_integers, numpy.random._mt19937, numpy.random.mtrand, numpy.random._philox, numpy.random._pcg64, numpy.random._sfc64, numpy.random._generator, cv2, kivy.core.window._window_sdl2, kivy.graphics.cgl_backend.cgl_gl, kivy.graphics.cgl_backend.cgl_glew, kivy.graphics.cgl_backend.cgl_sdl2 (total: 48)
Fatal Python error: Aborted

Current thread 0x000000738019f5f0 (most recent call first):
  File "/home/brandon/Desktop/slam_mobile/.buildozer/android/app/slam_core.py", line 324 in stop
  File "/home/brandon/Desktop/slam_mobile/.buildozer/android/app/slam_core.py", line 466 in close
  File "/home/brandon/Desktop/slam_mobile/.buildozer/android/app/slam/runner.py", line 297 in _worker
  File "/home/brandon/Desktop/slam_mobile/.buildozer/android/platform/build-arm64-v8a/build/other_builds/python3/arm64-v8a__ndk_target_24/python3/Lib/threading.py", line 975 in run
  File "/home/brandon/Desktop/slam_mobile/.buildozer/android/platform/build-arm64-v8a/build/python-installs/slam_mobile/arm64-v8a/jnius/__init__.py", line 85 in jnius_thread_hook
  File "/home/brandon/Desktop/slam_mobile/.buildozer/android/platform/build-arm64-v8a/build/other_builds/python3/arm64-v8a__ndk_target_24/python3/Lib/threading.py", line 1038 in _bootstrap_inner
  File "/home/brandon/Desktop/slam_mobile/.buildozer/android/platform/build-arm64-v8a/build/other_builds/python3/arm64-v8a__ndk_target_24/python3/Lib/threading.py", line 995 in _bootstrap

Thread 0x000000739704e5f0 (most recent call first):
  File "/home/brandon/Desktop/slam_mobile/.buildozer/android/platform/build-arm64-v8a/build/other_builds/python3/arm64-v8a__ndk_target_24/python3/Lib/threading.py", line 1132 in _wait_for_tstate_lock
  File "/home/brandon/Desktop/slam_mobile/.buildozer/android/platform/build-arm64-v8a/build/other_builds/python3/arm64-v8a__ndk_target_24/python3/Lib/threading.py", line 1116 in join
  File "/home/brandon/Desktop/slam_mobile/.buildozer/android/app/slam/runner.py", line 140 in stop
  File "/home/brandon/Desktop/slam_mobile/.buildozer/android/app/main.py", line 298 in _stop_slam
  File "/home/brandon/Desktop/slam_mobile/.buildozer/android/platform/build-arm64-v8a/build/python-installs/slam_mobile/arm64-v8a/kivy/uix/behaviors/button.py", line 179 in on_touch_up
  File "/home/brandon/Desktop/slam_mobile/.buildozer/android/platform/build-arm64-v8a/build/python-installs/slam_mobile/arm64-v8a/kivy/base.py", line 302 in post_dispatch_input
  File "/home/brandon/Desktop/slam_mobile/.buildozer/android/platform/build-arm64-v8a/build/python-installs/slam_mobile/arm64-v8a/kivy/base.py", line 334 in dispatch_input
  File "/home/brandon/Desktop/slam_mobile/.buildozer/android/platform/build-arm64-v8a/build/python-installs/slam_mobile/arm64-v8a/kivy/base.py", line 383 in idle
  File "/home/brandon/Desktop/slam_mobile/.buildozer/android/platform/build-arm64-v8a/build/python-installs/slam_mobile/arm64-v8a/kivy/base.py", line 339 in mainloop
  File "/home/brandon/Desktop/slam_mobile/.buildozer/android/platform/build-arm64-v8a/build/python-installs/slam_mobile/arm64-v8a/kivy/base.py", line 574 in runTouchApp
  File "/home/brandon/Desktop/slam_mobile/.buildozer/android/platform/build-arm64-v8a/build/python-installs/slam_mobile/arm64-v8a/kivy/app.py", line 956 in run
  File "/home/brandon/Desktop/slam_mobile/.buildozer/android/app/main.py", line 533 in <module>

Extension modules: androidembed, kivy._clock, jnius.jnius, android._android, kivy._metrics, kivy.properties, kivy.weakproxy, kivy._event, kivy.graphics.buffer, kivy.graphics.cgl, kivy.graphics.vertex, kivy.graphics.transformation, kivy.core.image._img_sdl2, kivy.graphics.context_instructions, kivy.graphics.context, kivy.graphics.stencil_instructions, kivy.graphics.opengl, kivy.graphics.fbo, kivy.graphics.opengl_utils, kivy.graphics.texture, kivy.graphics.shader, kivy.graphics.compiler, kivy.graphics.vbo, kivy.graphics.instructions, kivy.graphics.vertex_instructions, kivy.graphics.gl_instructions, kivy.graphics.boxshadow, kivy.graphics.scissor_instructions, kivy.core.text.text_layout, kivy.core.text._text_sdl2, numpy.core._multiarray_umath, numpy.core._multiarray_tests, numpy.linalg._umath_linalg, numpy.fft._pocketfft_internal, numpy.random._common, numpy.random.bit_generator, numpy.random._bounded_integers, numpy.random._mt19937, numpy.random.mtrand, numpy.random._philox, numpy.random._pcg64, numpy.random._sfc64, numpy.random._generator, cv2, kivy.core.window._window_sdl2, kivy.graphics.cgl_backend.cgl_gl, kivy.graphics.cgl_backend.cgl_glew, kivy.graphics.cgl_backend.cgl_sdl2 (total: 48)
